[www.consolerepairlondon.co.uk/index.html]
[backblue.gif]
[fade.gif]
[index.html]
[www.consolerepairlondon.co.uk/images/favicon.ico]
[www.consolerepairlondon.co.uk/css/style.css]
[cdn.jsdelivr.net/npm/cookieconsent@3/build/cookieconsent.min.css]
[www.consolerepairlondon.co.uk/cdn-cgi/l/email-protection.html]
[www.consolerepairlondon.co.uk/images/logo-light-800x75.png]
[www.consolerepairlondon.co.uk/images/logo-light-141x75.png]
[www.consolerepairlondon.co.uk/playstation-repair.html]
[www.consolerepairlondon.co.uk/playstation-repair/ps4-repair.html]
[www.consolerepairlondon.co.uk/playstation-repair/ps3-repair.html]
[www.consolerepairlondon.co.uk/xbox-repair.html]
[www.consolerepairlondon.co.uk/xbox-repair/xbox-one-repair.html]
[www.consolerepairlondon.co.uk/xbox-repair/xbox-360-repair.html]
[www.consolerepairlondon.co.uk/nintendo-repair.html]
[www.consolerepairlondon.co.uk/nintendo-repair/nintendo-switch-repair/nintendo-switch.html]
[www.consolerepairlondon.co.uk/nintendo-repair/wii-repair.html]
[www.consolerepairlondon.co.uk/articles.html]
[www.consolerepairlondon.co.uk/contact.html]
[www.consolerepairlondon.co.uk/covid-19.html]
[www.consolerepairlondon.co.uk/images/services/service-01-370x250.jpg]
[www.consolerepairlondon.co.uk/images/services/service-02-370x250.jpg]
[www.consolerepairlondon.co.uk/images/services/service-03-370x250.jpg]
[www.consolerepairlondon.co.uk/images/services/service-04-370x250.jpg]
[www.consolerepairlondon.co.uk/images/services/service-05-370x250.jpg]
[www.consolerepairlondon.co.uk/images/services/service-06-370x250.jpg]
[www.consolerepairlondon.co.uk/cdn-cgi/scripts/5c5dd728/cloudflare-static/email-decode.min.js]
[platform.twitter.com/widgets.js]
[www.consolerepairlondon.co.uk/images/review-star-140x140.jpg]
[www.consolerepairlondon.co.uk/terms.html]
[www.consolerepairlondon.co.uk/privacy.html]
[www.consolerepairlondon.co.uk/legal.html]
[www.consolerepairlondon.co.uk/js/core.min.js]
[www.consolerepairlondon.co.uk/js/script46d9.js]
[cdn.jsdelivr.net/npm/cookieconsent@3/build/cookieconsent.min.js]
[www.consolerepairlondon.co.uk/index.html]
[www.googletagmanager.com/gtm5445.html]
[ajax.cloudflare.com/cdn-cgi/scripts/7089c43e/cloudflare-static/rocket-loader.min.js]
[www.consolerepairlondon.co.uk/fonts/glyphicons-halflings-regular.eot]
[www.consolerepairlondon.co.uk/fonts/glyphicons-halflings-regulard41d.eot]
[www.consolerepairlondon.co.uk/fonts/glyphicons-halflings-regular.woff]
[www.consolerepairlondon.co.uk/fonts/glyphicons-halflings-regular.ttf]
[www.consolerepairlondon.co.uk/fonts/glyphicons-halflings-regular.svg]
[www.consolerepairlondon.co.uk/fonts/fontawesome-webfont3295.eot]
[www.consolerepairlondon.co.uk/fonts/fontawesome-webfontd41d.eot]
[www.consolerepairlondon.co.uk/fonts/fontawesome-webfont3295.woff]
[www.consolerepairlondon.co.uk/fonts/fontawesome-webfont3295.ttf]
[www.consolerepairlondon.co.uk/fonts/fontawesome-webfont3295.svg]
[www.consolerepairlondon.co.uk/fonts/Flaticon.eot]
[www.consolerepairlondon.co.uk/fonts/Flaticond41d.eot]
[www.consolerepairlondon.co.uk/fonts/Flaticon.woff]
[www.consolerepairlondon.co.uk/fonts/Flaticon.ttf]
[www.consolerepairlondon.co.uk/fonts/Flaticon.svg]
[www.consolerepairlondon.co.uk/css/Flaticon.svg]
[www.consolerepairlondon.co.uk/fonts/materialdesignicons-webfont14e6.eot]
[www.consolerepairlondon.co.uk/fonts/materialdesignicons-webfontd41d.eot]
[www.consolerepairlondon.co.uk/fonts/materialdesignicons-webfont14e6.woff]
[www.consolerepairlondon.co.uk/fonts/materialdesignicons-webfont14e6.ttf]
[www.consolerepairlondon.co.uk/css/style.css]
[cdn.jsdelivr.net/npm/cookieconsent@3/build/cookieconsent.min.css]
[www.consolerepairlondon.co.uk/cdn-cgi/l/email-protection.html]
[www.consolerepairlondon.co.uk/fonts/materialdesignicons-webfont14e6.svg]
[www.consolerepairlondon.co.uk/playstation-repair.html]
[www.consolerepairlondon.co.uk/js/script.js]
[www.consolerepairlondon.co.uk/images/consoles/ps4.jpg]
[www.consolerepairlondon.co.uk/images/consoles/ps4slim.jpg]
[www.consolerepairlondon.co.uk/images/consoles/ps4pro.jpg]
[www.consolerepairlondon.co.uk/playstation-repair/ps4-repair.html]
[www.consolerepairlondon.co.uk/images/consoles/ps3.jpg]
[www.consolerepairlondon.co.uk/images/consoles/ps3-slim.jpg]
[www.consolerepairlondon.co.uk/images/consoles/ps3-super-slim.jpg]
[www.consolerepairlondon.co.uk/playstation-repair/ps3-repair.html]
[www.consolerepairlondon.co.uk/xbox-repair.html]
[www.consolerepairlondon.co.uk/images/consoles/xbox-one.jpg]
[www.consolerepairlondon.co.uk/images/consoles/xbox-one-s.jpg]
[www.consolerepairlondon.co.uk/images/consoles/xbox-one-x.jpg]
[www.consolerepairlondon.co.uk/xbox-repair/xbox-one-repair.html]
[www.consolerepairlondon.co.uk/images/consoles/xbox-360.jpg]
[www.consolerepairlondon.co.uk/images/consoles/xbox-360-s.jpg]
[www.consolerepairlondon.co.uk/images/consoles/xbox-360-e.jpg]
[www.consolerepairlondon.co.uk/xbox-repair/xbox-360-repair.html]
[www.consolerepairlondon.co.uk/nintendo-repair.html]
[www.consolerepairlondon.co.uk/images/repairs/question-mark.jpg]
[www.consolerepairlondon.co.uk/repair-options.html]
[www.consolerepairlondon.co.uk/images/repairs/nintendo-switch/nintendo-switch-screen.jpg]
[www.consolerepairlondon.co.uk/images/repairs/nintendo-switch/nintendo-switch-lcd.jpg]
[www.consolerepairlondon.co.uk/images/repairs/nintendo-switch/nintendo-switch-charging-port.jpg]
[www.consolerepairlondon.co.uk/nintendo-repair/nintendo-switch-repair/nintendo-switch.html]
[www.consolerepairlondon.co.uk/images/repairs/nintendo-switch/nintendo-switch-game-card-slot.jpg]
[www.consolerepairlondon.co.uk/nintendo-repair/wii-repair/wii.html]
[www.consolerepairlondon.co.uk/images/consoles/wii.jpg]
[www.consolerepairlondon.co.uk/nintendo-repair/wii-repair/wii-u.html]
[www.consolerepairlondon.co.uk/images/consoles/wii-u.jpg]
[www.consolerepairlondon.co.uk/nintendo-repair/wii-repair.html]
[www.consolerepairlondon.co.uk/articles.html]
[www.consolerepairlondon.co.uk/contact.html]
[www.consolerepairlondon.co.uk/images/covid-19.jpg]
[www.consolerepairlondon.co.uk/images/covid-19-sm.jpg]
[www.consolerepairlondon.co.uk/covid-19.html]
[www.consolerepairlondon.co.uk/terms.html]
[www.consolerepairlondon.co.uk/privacy.html]
[www.consolerepairlondon.co.uk/legal.html]
[www.consolerepairlondon.co.uk/fonts/glyphicons-halflings-regular.html]
[www.consolerepairlondon.co.uk/fonts/glyphicons-halflings-regular.svg]
[www.consolerepairlondon.co.uk/fonts/fontawesome-webfont3295.html]
[www.consolerepairlondon.co.uk/fonts/fontawesome-webfont3295.svg]
[www.consolerepairlondon.co.uk/fonts/Flaticon.svg]
[www.consolerepairlondon.co.uk/css/Flaticon.html]
[www.consolerepairlondon.co.uk/fonts/materialdesignicons-webfont14e6.html]
[www.consolerepairlondon.co.uk/fonts/materialdesignicons-webfont14e6.svg]
[www.consolerepairlondon.co.uk/repair-options.html]
[www.consolerepairlondon.co.uk/images/repairs/wii/wii-dashboard.jpg]
[www.consolerepairlondon.co.uk/images/repairs/wii/wii-disc-tray.jpg]
[www.consolerepairlondon.co.uk/nintendo-repair/wii-repair/wii.html]
[www.consolerepairlondon.co.uk/images/repairs/wii-u/wii-u-broken-top-screen.jpg]
[www.consolerepairlondon.co.uk/images/repairs/wii-u/wii-u-broken-lcd-screen.jpg]
[www.consolerepairlondon.co.uk/images/repairs/wii-u/wii-u-dashboard.jpg]
[www.consolerepairlondon.co.uk/images/repairs/wii-u/wii-u-eject.jpg]
[www.consolerepairlondon.co.uk/images/services/wii-u-logo-370x250.jpg]
[www.consolerepairlondon.co.uk/nintendo-repair/wii-repair/wii-u.html]
